// Jest Snapshot v1, https://goo.gl/fbAQLP

exports[`Card should match the snapshot 1`] = `
ShallowWrapper {
  "length": 1,
  Symbol(enzyme.__root__): [Circular],
  Symbol(enzyme.__unrendered__): <Card
    compare={[Function]}
    data={
        Object {
            "2014": 0.4,
            "2015": 0.8,
          }
    }
    location="COLORADO"
/>,
  Symbol(enzyme.__renderer__): Object {
    "batchedUpdates": [Function],
    "getNode": [Function],
    "render": [Function],
    "simulateEvent": [Function],
    "unmount": [Function],
  },
  Symbol(enzyme.__node__): Object {
    "instance": null,
    "key": undefined,
    "nodeType": "host",
    "props": Object {
      "children": Array [
        <h3>
          COLORADO
</h3>,
        <ul>
          <li>
                    2014
                    : 
                    <span
                              className="below"
                    >
                              0.4
                    </span>
          </li>
          <li>
                    2015
                    : 
                    <span
                              className="above"
                    >
                              0.8
                    </span>
          </li>
</ul>,
      ],
      "className": "card undefined",
      "onClick": [Function],
    },
    "ref": null,
    "rendered": Array [
      Object {
        "instance": null,
        "key": undefined,
        "nodeType": "host",
        "props": Object {
          "children": "COLORADO",
        },
        "ref": null,
        "rendered": "COLORADO",
        "type": "h3",
      },
      Object {
        "instance": null,
        "key": undefined,
        "nodeType": "host",
        "props": Object {
          "children": Array [
            <li>
              2014
              : 
              <span
                            className="below"
              >
                            0.4
              </span>
</li>,
            <li>
              2015
              : 
              <span
                            className="above"
              >
                            0.8
              </span>
</li>,
          ],
        },
        "ref": null,
        "rendered": Array [
          Object {
            "instance": null,
            "key": "2014",
            "nodeType": "host",
            "props": Object {
              "children": Array [
                "2014",
                ": ",
                <span
                  className="below"
>
                  0.4
</span>,
              ],
            },
            "ref": null,
            "rendered": Array [
              "2014",
              ": ",
              Object {
                "instance": null,
                "key": undefined,
                "nodeType": "host",
                "props": Object {
                  "children": 0.4,
                  "className": "below",
                },
                "ref": null,
                "rendered": 0.4,
                "type": "span",
              },
            ],
            "type": "li",
          },
          Object {
            "instance": null,
            "key": "2015",
            "nodeType": "host",
            "props": Object {
              "children": Array [
                "2015",
                ": ",
                <span
                  className="above"
>
                  0.8
</span>,
              ],
            },
            "ref": null,
            "rendered": Array [
              "2015",
              ": ",
              Object {
                "instance": null,
                "key": undefined,
                "nodeType": "host",
                "props": Object {
                  "children": 0.8,
                  "className": "above",
                },
                "ref": null,
                "rendered": 0.8,
                "type": "span",
              },
            ],
            "type": "li",
          },
        ],
        "type": "ul",
      },
    ],
    "type": "div",
  },
  Symbol(enzyme.__nodes__): Array [
    Object {
      "instance": null,
      "key": undefined,
      "nodeType": "host",
      "props": Object {
        "children": Array [
          <h3>
            COLORADO
</h3>,
          <ul>
            <li>
                        2014
                        : 
                        <span
                                    className="below"
                        >
                                    0.4
                        </span>
            </li>
            <li>
                        2015
                        : 
                        <span
                                    className="above"
                        >
                                    0.8
                        </span>
            </li>
</ul>,
        ],
        "className": "card undefined",
        "onClick": [Function],
      },
      "ref": null,
      "rendered": Array [
        Object {
          "instance": null,
          "key": undefined,
          "nodeType": "host",
          "props": Object {
            "children": "COLORADO",
          },
          "ref": null,
          "rendered": "COLORADO",
          "type": "h3",
        },
        Object {
          "instance": null,
          "key": undefined,
          "nodeType": "host",
          "props": Object {
            "children": Array [
              <li>
                2014
                : 
                <span
                                className="below"
                >
                                0.4
                </span>
</li>,
              <li>
                2015
                : 
                <span
                                className="above"
                >
                                0.8
                </span>
</li>,
            ],
          },
          "ref": null,
          "rendered": Array [
            Object {
              "instance": null,
              "key": "2014",
              "nodeType": "host",
              "props": Object {
                "children": Array [
                  "2014",
                  ": ",
                  <span
                    className="below"
>
                    0.4
</span>,
                ],
              },
              "ref": null,
              "rendered": Array [
                "2014",
                ": ",
                Object {
                  "instance": null,
                  "key": undefined,
                  "nodeType": "host",
                  "props": Object {
                    "children": 0.4,
                    "className": "below",
                  },
                  "ref": null,
                  "rendered": 0.4,
                  "type": "span",
                },
              ],
              "type": "li",
            },
            Object {
              "instance": null,
              "key": "2015",
              "nodeType": "host",
              "props": Object {
                "children": Array [
                  "2015",
                  ": ",
                  <span
                    className="above"
>
                    0.8
</span>,
                ],
              },
              "ref": null,
              "rendered": Array [
                "2015",
                ": ",
                Object {
                  "instance": null,
                  "key": undefined,
                  "nodeType": "host",
                  "props": Object {
                    "children": 0.8,
                    "className": "above",
                  },
                  "ref": null,
                  "rendered": 0.8,
                  "type": "span",
                },
              ],
              "type": "li",
            },
          ],
          "type": "ul",
        },
      ],
      "type": "div",
    },
  ],
  Symbol(enzyme.__options__): Object {
    "adapter": ReactSixteenAdapter {
      "options": Object {
        "enableComponentDidUpdateOnSetState": true,
      },
    },
  },
}
`;
