// Jest Snapshot v1, https://goo.gl/fbAQLP

exports[`App should match snapshot 1`] = `
ShallowWrapper {
  "length": 1,
  Symbol(enzyme.__root__): [Circular],
  Symbol(enzyme.__unrendered__): <App />,
  Symbol(enzyme.__renderer__): Object {
    "batchedUpdates": [Function],
    "getNode": [Function],
    "render": [Function],
    "simulateEvent": [Function],
    "unmount": [Function],
  },
  Symbol(enzyme.__node__): Object {
    "instance": null,
    "key": undefined,
    "nodeType": "host",
    "props": Object {
      "children": Array [
        <Header
          searchDistricts={[Function]}
/>,
        <ComparisonContainer
          comparativeAnalysis={Object {}}
          compare={[Function]}
          districts={Object {}}
/>,
        <CardContainer
          compare={[Function]}
          comparison={Object {}}
          districts={
                    Array [
                              Object {
                                "data": Object {
                                  "2003": 0.4,
                                  "2004": 0.8,
                                },
                                "location": "COLORADO",
                              },
                              Object {
                                "data": Object {
                                  "2003": 0.7,
                                  "2004": 0.9,
                                },
                                "location": "ASPEN 20",
                              },
                            ]
          }
/>,
      ],
    },
    "ref": null,
    "rendered": Array [
      Object {
        "instance": null,
        "key": undefined,
        "nodeType": "function",
        "props": Object {
          "searchDistricts": [Function],
        },
        "ref": null,
        "rendered": null,
        "type": [Function],
      },
      Object {
        "instance": null,
        "key": undefined,
        "nodeType": "function",
        "props": Object {
          "comparativeAnalysis": Object {},
          "compare": [Function],
          "districts": Object {},
        },
        "ref": null,
        "rendered": null,
        "type": [Function],
      },
      Object {
        "instance": null,
        "key": undefined,
        "nodeType": "function",
        "props": Object {
          "compare": [Function],
          "comparison": Object {},
          "districts": Array [
            Object {
              "data": Object {
                "2003": 0.4,
                "2004": 0.8,
              },
              "location": "COLORADO",
            },
            Object {
              "data": Object {
                "2003": 0.7,
                "2004": 0.9,
              },
              "location": "ASPEN 20",
            },
          ],
        },
        "ref": null,
        "rendered": null,
        "type": [Function],
      },
    ],
    "type": "div",
  },
  Symbol(enzyme.__nodes__): Array [
    Object {
      "instance": null,
      "key": undefined,
      "nodeType": "host",
      "props": Object {
        "children": Array [
          <Header
            searchDistricts={[Function]}
/>,
          <ComparisonContainer
            comparativeAnalysis={Object {}}
            compare={[Function]}
            districts={Object {}}
/>,
          <CardContainer
            compare={[Function]}
            comparison={Object {}}
            districts={
                        Array [
                                    Object {
                                      "data": Object {
                                        "2003": 0.4,
                                        "2004": 0.8,
                                      },
                                      "location": "COLORADO",
                                    },
                                    Object {
                                      "data": Object {
                                        "2003": 0.7,
                                        "2004": 0.9,
                                      },
                                      "location": "ASPEN 20",
                                    },
                                  ]
            }
/>,
        ],
      },
      "ref": null,
      "rendered": Array [
        Object {
          "instance": null,
          "key": undefined,
          "nodeType": "function",
          "props": Object {
            "searchDistricts": [Function],
          },
          "ref": null,
          "rendered": null,
          "type": [Function],
        },
        Object {
          "instance": null,
          "key": undefined,
          "nodeType": "function",
          "props": Object {
            "comparativeAnalysis": Object {},
            "compare": [Function],
            "districts": Object {},
          },
          "ref": null,
          "rendered": null,
          "type": [Function],
        },
        Object {
          "instance": null,
          "key": undefined,
          "nodeType": "function",
          "props": Object {
            "compare": [Function],
            "comparison": Object {},
            "districts": Array [
              Object {
                "data": Object {
                  "2003": 0.4,
                  "2004": 0.8,
                },
                "location": "COLORADO",
              },
              Object {
                "data": Object {
                  "2003": 0.7,
                  "2004": 0.9,
                },
                "location": "ASPEN 20",
              },
            ],
          },
          "ref": null,
          "rendered": null,
          "type": [Function],
        },
      ],
      "type": "div",
    },
  ],
  Symbol(enzyme.__options__): Object {
    "adapter": ReactSixteenAdapter {
      "options": Object {
        "enableComponentDidUpdateOnSetState": true,
      },
    },
  },
}
`;
